GGGGvvvvvvvvvvvvvvvvvvvvvvvvvvvvvvvvvvvvvvvvvvvvvvvvvvGGGG
GyyGvvvvvvvvvvvvvvvvvvvvvvvvvvvvvvvvvvvvvvvvvvvvvvvvvvGyyG
GyyGvvvvvvvvvvvvvvvvvvvvvvvvvvvvvvvvvvvvvvvvvvvvvvvvvvGyyG
GyyGvvvvvvvvvvvvvvvvvvvvvvvvvvvvvvvvvvvvvvvvvvvvvvvvvvGyyG
GyyGvvvvvvvvvvvvvvvvvvvvvvvvvvvvvvvvvvvvvvvvvvvvvvvvvvGyyG
GyyGvvvvvvvvvvvvvvvvvvvvvvvvvvvvvvvvvvvvvvvvvvvvvvvvvvGyyG
GyyGvvvvvvvvvvvvvvvvvvvvvvvvvvvvvvvvvvvvvvvvvvvvvvvvvvGyyG
GyyGvvvvvvvvvvvvvvvvvvvvvvvvvvvvvvvvvvvvvvvvvvvvvvvvvvGyyG
GyyGGGGGGGvvvvvvvvvvvvvvvvvvvvvvvvvvvvvvvvvvvvvvGGGGGGGyyG
GyyG00G00Gvvvvvvvvvvvvvvvvvvvvvvvvvvvvvvvvvvvv00G00G00GyyG
GyyG00000G0000vvvvvvv00000vvvvvvv00vvvvvv0000000G00000GyyG
GyyGG00000000000vvvv00000000vvvv00000vvv0000000000000GGyyG
GyyG00000G000000000000vvv00000000000000000000000G00000GyyG
GyyG00G00G0000000000000vvv0000000vv0000000000000G00G00GyyG
GyyGGGGGGGyy0000vv00000vv00000000vvvv000000vv00yGGGGGGGyyG
Gyyyyyyyyyyyy00vvvv000000000000000vv000000vvyyyyyGyGyGyyyG
Gyyyyyyyyyyyyyyyyyvv000000000000000000000yyyyyyyGyGyGyyyyG
Gyyyyyyyyyyyyyyyyyyyyyyyy00000000000yyyyyyyyyyyyyGyGyGyyyG
Gyyyyyyyyyyyyyyyyyyyyyyyyyyyyy0yyyyyyyyyyyyyyyyyGyGyGyyyyG
Gyyyyyyyyyyyyyyyyyyyyyyyyyyyy0yyyyyyyyyyyyyyyyyyyGyGyGyyyG
Gyyyyyyyyyyyyyyyyyyyyyyyyyy0000000yyyyyyyyyyyyyyGyGyGyyyyG
GyyGGGGGGGyyyyyyyyyyyyyyyy00000000000yyyyyyyyyyyGGGGGGGyyG
GyyG00G00Gyyyyyy000000000000000000000000yyyyyyyyG00G00GyyG
GyyG00000G00000000000000000000000000000000000000G00000GyyG
GyyGG000000000000000000000000000000000000000000000000GGyyG
GyyG00000G00000000000vv0000000000000000000000000G00000GyyG
GyyG00G00Gv00000000vvvvv0000000vv000000000000000G00G00GyyG
GyyGGGGGGGvvvv000vvvvvv000vv00vvvvv000000vvv00vvGGGGGGGyyG
GyyGvvvvvvvvvvvvvvvvv000vvvvv00vvvvvv000vvvvvvvvvvvvvvGyyG
GyyGvvvvvvvvvvvvvvvvvvvvvvvvvv000vvvvvvvvvvvvvvvvvvvvvGyyG
GyyGvvvvvvvvvvvvvvvvvvvvvvvvvvvvvvvvvvvvvvvvvvvvvvvvvvGyyG
GyyGvvvvvvvvvvvvvvvvvvvvvvvvvvvvvvvvvvvvvvvvvvvvvvvvvvGyyG
GyyGvvvvvvvvvvvvvvvvvvvvvvvvvvvvvvvvvvvvvvvvvvvvvvvvvvGyyG
GyyGvvvvvvvvvvvvvvvvvvvvvvvvvvvvvvvvvvvvvvvvvvvvvvvvvvGyyG
GyyGvvvvvvvvvvvvvvvvvvvvvvvvvvvvvvvvvvvvvvvvvvvvvvvvvvGyyG
GGGGvvvvvvvvvvvvvvvvvvvvvvvvvvvvvvvvvvvvvvvvvvvvvvvvvvGGGG