ccccbbbbbbbbbbbbbbbbbbbbbbbbbbbbbbbbbbbbbbbbbbbbbbbbbbcccc
cffcbbbbbbbbbbbbbbbbbbbbbbbbbbbbbbbbbbbbbbbbbbbbbbbbbbcffc
cffcbbbbbbbbbbbbbbbbbbbbbbbbbbbbbbbbbbbbbbbbbbbbbbbbbbcffc
cffcbbbbbbbbbbbbbbbbbbbbbbbbbbbbbbbbbbbbbbbbbbbbbbbbbbcffc
cffcbbbbbbbbbbbbbbbbbbbbbbbbbbbbbbbbbbbbbbbbbbbbbbbbbbcffc
cffcbbbbbbbbbbbbbbbbbbbbbbbbbbbbbbbbbbbbbbbbbbbbbbbbbbcffc
cffcbbbbbbbbbbbbbbbbbbbbbbbbbbbbbbbbbbbbbbbbbbbbbbbbbbcffc
cffcbbbbbbbbbbbbbbbbbbbbbbbbbbbbbbbbbbbbbbbbbbbbbbbbbbcffc
cffcccccccbbbbbbbbbbbbbbbbbbbbbbbbbbbbbbbbbbbbbbcccccccffc
cffcccccccbbbbbbbbbbbbbbbbbbbbbbbbbbbbbbbbbbbbcccccccccffc
cffcccccccccccbbbbbbbcccccbbbbbbbccbbbbbbccccccccccccccffc
cffcccccccccccccbbbbccccccccbbbbcccccbbbcccccccccccccccffc
cffcccccccccccccccccccbbbccccccccccccccccccccccccccccccffc
cffcccccccfffccccccccccbbbcccccccbbcccccccccccffcccccccffc
cffcccccccffffccbbcccccbbccccccccbbbbccccccbbfffcccccccffc
cffffffffffffffbbbbcccccccccccccccbbccccffbbfffffcfcfcfffc
cfffffffffffffffffbbffffffcccccccccfffffffffffffcfcfcffffc
cffffffffffffffffffffffffffffffffffffffffffffffffcfcfcfffc
cfffffffffffffffffffffffffffffffffffffffffffffffcfcfcffffc
cffffffffffffffffffffffffffffffffffffffffffffffffcfcfcfffc
cfffffffffffffffffffffffffffffffffffffffffffffffcfcfcffffc
cffcccccccffffffffffffffffffcccccfffffffffffffffcccccccffc
cffcccccccfffffffffffffffffccccccccfffffffffffffcccccccffc
cffcccccccfffffffccccccccccccccccccccccfffffffffcccccccffc
cffccccccccccccccccccccccccccccccccccccccccccccccccccccffc
cffccccccccccccccccccbbccccccccccccccccccccccccccccccccffc
cffcccccccbccccccccbbbbbcccccccbbccccccccccccccccccccccffc
cffcccccccbbbbcccbbbbbbcccbbccbbbbbccccccbbbccbbcccccccffc
cffcbbbbbbbbbbbbbbbbbcccbbbbbccbbbbbbcccbbbbbbbbbbbbbbcffc
cffcbbbbbbbbbbbbbbbbbbbbbbbbbbcccbbbbbbbbbbbbbbbbbbbbbcffc
cffcbbbbbbbbbbbbbbbbbbbbbbbbbbbbbbbbbbbbbbbbbbbbbbbbbbcffc
cffcbbbbbbbbbbbbbbbbbbbbbbbbbbbbbbbbbbbbbbbbbbbbbbbbbbcffc
cffcbbbbbbbbbbbbbbbbbbbbbbbbbbbbbbbbbbbbbbbbbbbbbbbbbbcffc
cffcbbbbbbbbbbbbbbbbbbbbbbbbbbbbbbbbbbbbbbbbbbbbbbbbbbcffc
cffcbbbbbbbbbbbbbbbbbbbbbbbbbbbbbbbbbbbbbbbbbbbbbbbbbbcffc
ccccbbbbbbbbbbbbbbbbbbbbbbbbbbbbbbbbbbbbbbbbbbbbbbbbbbcccc