sssgwwwwww::::::::::::::::::::::::::::::::::::::::::::::::::::::wwwwwwAAAAAAAAAAAAAAwwwwwwwtttttttttttttttttttAtttttttttttttAtttttttttttttttttttttttttttttttttttttttttttkkkksssss
ssgwwwwwwwwwww:::::::::::::::::::::::::::::::::::::::::::::::wwwwwwwwAAAhkkAAAttttttwwwwwwtttttttttttttttttttttttttAAAAAtttttttttAAAAAAAAAAAAAAAAAAAAAAAAAAAAAAAAAAAAhhhkkkkkkkkk
ggwwwwwwwwwwwwwww::::::::::::::::::::::::::::::::::::::::::wwwwwwwwwpphkkkkhttttttttwwwwwttttttttttttttttttttttttttttttttttttttttttttttttttttttttAAAAAAAAAAtAAAAAAtttthhkkkkkkkkt
gwwwwwwwwwwwwwwwwww::::::::::::::::::::::::::::::::::::::wwwwwwwwwphhkkkkkkhtttttttwwwwtttttttttttttttttttttttttttt++ttttttttttttttttttttttttttttttttttttttttttttttttthkkkkkkkkkt
wwwwwwpwwwwwwwwwwwww:::::::::::::wwwwwwwwwww:::::::::::wwwwwwwwwwwwpppphkkkhttttttwwwwtttttttttttttttttttttttttttttt++tttttttttttttttttttttttttttttttttttttttttttttttthhkkkkkkkkt
wwwwwppwwwwApwwwwwwwwww::::::::wwwwwwpwwwwwww::::::::::wwwwwwwwwwpwwwppphkhtttttttwwwgtttttt++tttttttttttttttttttttt++ttttttttttttttttttttttttttttttttttttttttttttttthhkkkkkkkkkt
wwwwwwwgphpgppwwwwwwwwwww::::wwwwwwwwwpwwwwwwww:::::::wwwwwwwwwpwpppppphkhtttttttwwwwwggttttt+ttt+++ttttttttttttt++t+ttttttttttttttttttttttttttttttttttttttttttttttthhhkkkkkkkkkh
wwwwwwwptkkphtwwwwwwwwwwwwwwwwwwwwwwwppwwwwwwww:::::::wwwwwwwppppphhkkkkhttttttttwwwwwggtttttttttt+tttttttttttttt++++tttttttttttttttttttttttttttttttttttttttttttttttthkkkkkkkkkht
wwwwwwggptksttwwwwwwwwwwwwwwwwwwwwwpwwwwwwwwww::::::wwwwwwwwpphkkkkkkkkhhtttttttwwwwwgggg++ttttttt+tttttg++tttttt++++ttttttttttttttttttttttttttttttttttttttttttttthhhhkkkkkkkkttt
wwwwwwwptthttwwwwwttwwwwwwwwwwwwwwwwwwwwwwwww::::wwwwwwwwwwwwpppphkkkkkhhtttttttwwwwwwgggg+tt+tttt+tttg++++++ttttt+++ttttttttttttttttttttttttttttttttttttttttttttthhhhkkkkkkkkkht
::wwwwwwpttwwwwwwwwwwwwwwwwwwwwwwwwwwwwwwwww:::wwwwwwwwwwwwwphkkkkkkkhhhtttttttpwwwwwwgggg+tt++gg++tttg++++++ttgggg++ttttttttttttttttttttttttttttttttttttttttttttttthhhkkkkkkkkht
:::::wwwwwwwwwwwwwwwwwwwwwwwwwwwwwwwwwwwwwwwwwwwwwwwwwwwwwwpphhkkkkkkhhhtwtttttpwwwwwwwggg+gg+tggggggtgg++++++ggggg++ttttttttttttttttttttttttttttttttttttttttttttthhhhhkkkkkhhkkt
:::::::wwwwwwwwwwwwwwwwwwwwwwwwwwwwwwwwwwwwwwwwwwwwwwwwwwwwwppkkkkkkhkhttttttttppwwwwwgggggttggggggggggg++++++tggggggtttttttttttttttttttttttttttttttttttttttttttttthhhhkkkkkhhkkt
:::::::::::::wwwwwwwwwwwwwwwwwwwwwwwwwwwwwwwwwwwwwwwwwwwwwwpppphhkkhppkhtttttttttwwwwwggggggggggggwwggggg+++++ttgggggttttgtgtttttttttttttttttttttttttttttttttttttthhhkkkkkkkttttt
:::::::::::::::wwwwwwwwwwwwwwwwwwwwwwwwwwwwwwwwwwwwwwwwwwwwwwwppphkhpphtttttpptttpwwwwwgggggggggwwwwwwggg+ggggttttgggtttt++gttttttttttttttttttttttttttttttttttttttthhhkkkkkkkkkkk
:::::::::::::::wwwwwwwwwwwwwwwwwwwwwwwwwwwwwwpwwwwwwwwwwwwpppppphkkhpphttttttpptpppwwwwwggggggwwwwwwwgggggggggttttgggtttt++ggggggggtttttttttttttttgggttpppppptttthhhhkkkkkkkkkkhh
::::::::::::::::wwwwwwwwwwwwwwwwwwwwwwwwwwwwpwwwwwwwwwwwwwwphhhkkkhppphttttttppppgggwwwwwgwwwwwwwwwwgggggggtggtttgggggttgg+gggggggggtttttggtggggggggpppppppppptttthhhhkkkkkkkkkhh
:::::::::::::::::wwwwwwwwwwwwwwwwwwwwwwwwwwwwwwwwwwwwwwwwwwphkkkkhppppttttpptpp+++ggwwwwwwwwwwwggggwggttgggtgggttggggggtgggggggggggggggggggggggggggpppppppppppptthhhhkkkkkkkkhkkk
::::::::::::::::::wwwwwwwwwwwwwwwwwppwwwwphpwwwwwwwwwwwwwwwpphkkkphpwptttpppppppggggwwwwwwwwggggggggggttgggggggttggghhgggggggtttggggggggggggggggggpppphhpppptppphhhhkkkkkkkkkkkht
::::::::::::::::::wwwwwwwwwwwwwwwwwpwwwphkpwwwwwwwwwwwwwwwwpppkkppppwpttp++pppttpggwwwwwwggwgggggt++ggtgggggggggggghhhhggggggggtgggggggggggggggggppppppphpphptpptthhkkkkkkkkkkkht
:::::::::::::::::wwwwwwwwwwwwwwwwwpwwwphkpwwwwwwwwwwwwwwwwwwpphpppwwwphpp++gppptppgwwwwwwwwwggggtt++gggggggggggggghhhhhggggggggggggggggggggggggggppppppppppthppppphhhkkkkkkkkkkht
:::::::::::::::::wwwwwwwwwwwwwwwwwwwwphkpppppwwwwwwwwwwwwwwwpphpppwwwwpp+++tpppggwwwwwwwwggwwgggggg+tgggggt+gggggghhhhgggggggggggggggggggggppppppppppphpppptthpppphhhkkkkkkkkkhhh
::::::::::::::::wwwwwwwwwwwwwwwwwwwwphkphhkhpwwwwwwwwwwwwwwwpppppwwwwwgg++hppptppwwwwwwwwwwwwwggggg+ggggggggggggggggghhggggggggggggggggggppppppppppppppppppppthpphhhkkkkkkkkkkkkk
:::::::::::::::wwwwwwwwwwwwwwwwwwwpwwpphhkppwwwwwwwwwwwwwwwwwwwwwwwwwwwg+gpp+ptppwwwwpwwwwggwwgggggggggttggggggggggggggggggggtggggggggtpppppppppppppppphpppppptthhhhhkkkkkkkkkkkk
:::::::::::::::wwwwwwwwwwwwwwwwwwwwwpkhhhppwwwwwwwwwwwwwwwwwwwwwwwwggwwggpt++pttpwwpppwwwgggwwwgggggggggttggggggggtgggggggggttgggggggttpppppppppppppppppppppppptppphhkkkkkkkkkkkh
::::::::::::::wwwwwwwwwwwwwwwwwwwwwphhphppwwwwwwwwwwwwwwwwwwwwwwwwgggwwggpp+pttppwwppwwwgggggwwggggggggggtgggggggtttgggggggggggggggggtppppppppppppppppphppppppppphphhhkkkkkkkkkkh
::::::::::::::wwwwwwwwwwwwwwwwwwwwwwwppppwwwwwwwwwwwwwwwwwwwwwwwggggwwwwgpppttttpwwppwwwggggggggggggtggggggggggggggggggggggggggggggggppppppppppppppppphhhpppppphhpppphkkkkkkkkkkk
::::::::::::::wwwwwwwwwwwwwwwwwwwwwwwwpppppwwwwwwwwwwwwwwwwwwwwggggggwwwgpthptptpwwwwwwwggpppggggggggggggggggggggggggggggggggggggpppppppppppppppppppppphppppppppppphhhkkkkkkkkkkh
::::::::::::::wwwwwwwwwwwwwwwwggggwwwpphhpppwwwwwwwwwwwwwwwwwwwgggggwwgwgptpttptpwwwwwwwggpppggggggggggggggggggggggggggggggggggpppppppppppppppppphpppppppphppppppppphhhkkkkkkkkkk
:::::::::::::wwwwwwwwwwwwwggwgggggwwpphphhppwwwwwwwwwwwwwwwwwwwgggggwggwggggppppwwwwwwwwwggggggggggggggpggggggggggggggggggggggpppppppppppppppppphpppppppphhppppppphhhkkkkkkkkkkkk
:::::::::::::wwwwwwwwwwwwghgggggggwwwwwphppgwwwwwwwwwwwwwwwwwwwgggggwggwwgggwwwwwwwwwwwwwgggggpppppggggggggggggggggggtggggggpppppppppppppppppppphppppppphpppppppppphhhkkkkkkkkkhk
:::::::::::wwwwwwwwwwwwwghggggggggwwwwpphhggwwwwwwwwwwwwwwwwwwwggggwwgggwgggwwwwwwwwwwwwwggggtppppppggtggggggggggggggttggggppppppppppppppppppppppppppppppppppppppphhhhkkkhhhkkkkh
::::::::wwwwwwwwwwwwwwwwwwwggggggwwwwwwgghgggwwwwwwwwwwwwwwwwwwwggwwwwwwwwwwwgwwwwwwwwwwggggggpppppggggggggggggggggggggggggppppppppppppppppppppphpppppphppppppppppppphhhkhhhkkkhk
::::wwwwwwwwwwwwwwwwwwwwwwgggggggwwwwwwgghgggwwwwwwwwwwwwwwwwwwwgggwgggwwwwwwwwwwwwwwwwwgggggpppppgggggggggggggggggggggpppppppppppppppppppppppphhpppppphpppppppppppppphhkhhhkkkkh
:wwwwwwwwwwwwwwwwwwwwwwwggggggghgwwwpggghhgggwwwwwwwwwwwwwwwwwwggggwwwwwwgwwwwwgggggwwggggggggpppgggggtggggtgggggggggggpppppppppppppppppppppppphpppppphppppppppppppppphhhhhkkkhhk
wwwwwwwwwwwwwwwwwwwwwwgphphggggggwwphkhphgggwwwwwwwwwwwwwwwwwwwggggwwggggwwwwgggggwwwggggggggggggtgggttgggggggtggggggpppppppppppppppppppppppppppppppppppppppppppppppppppphkkkkhhk
:wwwwwwwwwwwwwwwwwwwwwphphggggggwwwwphhggggggwggwwwwwwwwwwwwwwwwwgggggggggggggghtggggggggtggggggggggggggggggggttggggppppppppppppppppppppppppphppppppppppppppppppppppeppppphkkhhkk
::wwwwwwwwwwwwwwwwwwwwwghgggwgwwwwwphhpgggggggggwwwwwwwwwwwwggwggggggthtgggggghtgggggtgttptpgtggggggtgggggggggtggggppppppppppppppppppppppppphpppppppppppppppeppppppeeeeeeeheeeeeh
:::wwwwwwwwwwwwwwwwwwwwwwwwwwwwwwpphhhggggggggggwwwwwwwwwggggggggggggggtggggghtggggggggggggMggttppptttgggttggggggttppppppppppppppppppppppppppppppppppppppppeepppppeeeeeeeeheeeeek
:::wwwwwwwwwwwwwwwwwwwwwwwwwwwwwwwppggggggggggggwwwwwwwgwwggggggggggggggggggggggggggggggggggggtggMMMMggggtggggggttpppppppppppppppppppppppppppppppppppppppppeeepppeeeeeeeeeeeeeeeh
::::wwwwwwwwwwwwwwwwwwwwwwwwwwwwwwwwwggggggggggwwwwwwwggwwggggggggMggggggggggggggggggggggggggggggMMMtttggggggggggpppppppppppppppppppppppppppppppppppppepppeeeepppeeeeeeeeeekeeeeh
::::wwwwwwwwwwwwwwwwwwwwwwwwwwwwwwpwggggggpggwwwwwwwwwggwggggggggggggggggggggggggggggggppggggggMMMMMtttgggggggggpppppppppppppppppppppppppppppppppppppeeppeeeeepppeeeeeeeeeeeeeeeh
::::wwwwwwwwwwwwwwwwwwwwwwwwwwwwphppppppppppgppwwwwwwgggggggggggggggggggggggggggggggggggggggggggggMMttMgggggppppppppppppppppppppppppppppppppppppppppppepeeeeeepppeeeeeeeeeeeeeeee
:::::wwwwwwwwwwwwwwwwwwwwwwwwwppphphpppppppphppwwwwMggggggggggggggggggggggggggggpggggggggggggggggppptggttppppppppppppppppppppppppppppppppppppppppppppepppeeeeeppwwwweeeeeeeeeeeee
:::::wwwwwwwwwwwwwwwwwwwwwwwwwwwwppwwwwwwwpppwwwwwgggggggggggggggggghggggggtgggggggggggggggggpgppppppppphhpppppppppppppppppppppppppppppppppppppppppppppeepepewwwwwwweeeeeeeeeeeep
:::::wwwwwwwwwwwwwwwwwwwwwwwwwwwwwwwwwwwwwwwwwwggggggggggggggtttgggghggpgggtgggggggggghhggppphpppppppphhpppppppppppppppppppppppppppppppppppppppppppppppepppwwwwwwwwwwweeeeeeeeepp
::::::wwwwwwwwwwwwwwwwwwwwwwwwwwwwwwwwwwwwwwwwgggggggggggggggtgggghgggpphhthhhgpgpppppphhppppphpppppphppppppppppppppppppppppppppppppppppppppppppppppppppppwwwwwwwwwwwweeeeeeeeepp
:::::::wwwwwwwwwwwwwwwwwwwwwwwwwwwwwwwgwwwwwwwggggghhgggggggggppppppppptpppgghkkppppppppppppppphppppppppppppppppppppppppppppppppppppppppppppppppppppppppppwwwwwwwwewweeeeeeeeeeep
:::::::wwwwwwwwwwwwwwwwwwwwwwwwwwwwwwwggwwwggggggggghhgggggggppppphppphhppppppphhppppppppppppppppppppppppppppppppppppppppppppppphpppppppppppppppppppppppppwwwwwwweeeweeeeeeeeeeep
::::::::wwwwwwwwwwwwwwwwwwwwwwwggggwwwggggggggggggggthhghggggggghhgppthpppppppppphpppppphpphpppppppppppppppppppppppppppppppppppppphhhppppppppppeppppppppMMwwwwwweeeeeeeeeeeeeeeee
:::::::::wwwwwwwwwwwwwwwwwwwwwgghhggggggggggggggggggghggthggggghhhppptthpppppppppppphpphhhhhhhhhtpppppppppppppppppppppppppppppppppphpppppppppppeeepppppppwwwwwweeeeeeeeeeeeeeeeeh
::::::::::wwwwwwwwwwwwwwwwwwwwwggghggggggggggggggggggghgggggggppppppppthhppppphpppphhhhkkkkkkkkkhhppppppppppppppppppppppppppppppphppwpppppppppppepppppppwwwwwwwweeeeeeeeeeeeeeeee
::::::::::::wwwwwwwwwwwwwwwwwwwwwggggggggggggggggggggggphggggppppppppppthhtpphpppphhgphhkkhppgphhkhhpppppppppppppppppppppppppppppppwwppppppppppppeeeeppwwww::wwweeeeeeeeeeeeeeepp
:::::::::::::::wwwwwwwwwwwwwwwwwwwwgggggggggggggggggggpgggggpppppphppppppthphphpgggggggpppggggggphkhhpppppppppppppppppppppppppppppwwpppppppppppppppepppwwww::::wwweeeeeeeeeeeeeee
::::::::::::::::::wwwwwwwwwwwwwwwwwggggggggggggggggggggggtggpphpphppppppppphppppgggggggggggggggggphkhhppppppppppppppppppppppppppwwwpppppppppppppppppepppwwww:::::wwweewweeeeeeeee
::::::::::::::::::::wwwwwwwwwwwwwwwwgggggggggggggggggggggtggpphppppppppppppppppppgggggggggggggghppphkhhppppppppppppppppppppppppwwwwwppppppppppppppppppppwwww::::::wweewwwweeeeeee
::::::::::::::::::::::wwwwwwwwwwwwwwgggggggggggggggggggggggphppppppppppppphppppppgggggggggggggphhpphkkhppppppppppppppppppppppwwwwwwwpppppppppppppppppppppwwww::::::wwewwwweeeeeee
::::::::::::::::::::::::wwwwwwwwwwwwwggggggggggggggggggghgghphpphpphphpphhhkkkhhhggggggggggggghhhppphkkhppppppppppppwppwwwppwwwwwwwpppppppppppppppppppppppwww:::::::wwwwweeeeeeee
::::::::::::::::::::::::::wwwwwwwwwwggggggggggggggggggghkphhhhhhhphhphhhhkkkhppggggggggggggggphhhhppphkkhppppppppppwwwwwwppppwwwwwppppppppppppppppppppppppwww:::::::wweeeeeeeeeee
:::::::::::::::::::::::::::::wwwwwwwgggggggggggggggggghkphhhhkkhkhhkhhkkkkkkkhhpgggggggggggggghhppppphhkhhpppppppppwwwwwppppppppwppppppppppppppppppppppppppwwwww:::::wweeeeeeeeee
::::::::::::wwwwwwwwww::::::::wwwwwwwgggggghggggppppppphhhphkkkkkkkkhkkkkhhhpppgggggggggggggggpppphhhkkkhhpppppppwwwwwwwpppphpwwwwwppppphhhppppppppppphhppppwwww:::::wweeweeeeeee
::::::::::wwwwwwwppwwwww:::::::wwwwgggggggggggggppppppph+hhkkkkhphkkkhphkkkhhhpgggggggggggggggpphhkkkkkhhpppppppppwwwwwwwwphpww:::wwwhhhhhhhhhhhhppphhhhhhppppwww::::wwwwweeeeeee
:::::::::wwwwwppppppppwwwwww:::wwwwggggggggggghhphppppphhpkkhggggghphgggggkphhhgggggggggggggggphkkkkhpppppppppppgMwww::wwwppww:::::wwwphhkkkkhhhhhhhhhhhhhhhhppwww:::::wwwweeeeee
:::::::::wwwwwpppphhhppppwwww::wwwwtggggggggghhhhhhppppphhkkpggggggggggggghpphpgggggggggggggggghhhhppppppppppppgpMwww:::wwwwww::::::wwwpphkkkkkkkkkkkkkhhkhkhhpwwww::::wwwweeeeee
::::::::::wwwwwpppthkkkhppppww::wwggggggggggphhhhhhpppphhkkhpggggggggggwwwpwpphpgggggggggggggghhppppppppppppgpppwwww:::::::::::::::::wwwwwphhkkkkkkkkkkkkkkkkhppwwww::::wwweeeeee
::::::::::wwwwppphhhphkkkkhpppwwwgggggggggggphhhhhhppppphhkhgggggggggggwwwpwwpphpppgggggggggghhggpppppppppgggpppwww::::::::::::::::::::wwwwppppphhkkkkkkkhhpppppppwww::wwwwhheeee
:::::::::wwwwwgpppphpppphhkkhpppphkkhggggggghhhhhhppppphhkkhppphhggggggwwwwwwwpphphpggggggggggggggppppgggggggpppwww:::::::::::::::::::::wwwwppppppphhhhhhhhpppppwww:::wwppphhhhee
:::::::::wwwwgggppppppppppppkkphhkkkkhhgggggphhhpppppppphkkkhpppphhggggwwwwwwwphphthphhpgggggghgggggggggggggggppwww::::::::::::::::::::::wwwwpppppppppphhhhppppppww:wwwppphhkkkkk
::::::::wwwwwgggppppppppphhhhhhppphhkkkhhpgppppppppppppphphkppwwpphhggggwwwwwwhphkhthhphppggggghggggggggggggggpwwww::::::::::::::::::::::::wwppppppppppphhhppppppwwwwppphhkkkkkkk
::::::::wwwwggggppppphkkhkkhkhhppppphhkkkhpppppppppwpppppwppwwwwwpphhkhhppwwwwwpphhkhkhthppggggpggggggggggghppwwww::::::::::wwwwwww::::::::wwppppppphhhpppppppppppppppphkkkkkehhh
:::::::wwwwwggghhphhhhhppppphkhppppppphhkkkhppwwwwwwwpppwwwwwwwwwpppphkkhpwwwwwwhphthkkhththgpphpggggggghkhpppwww::::::::::wwwppppwwwww::wwwppphhhhhhhhhhhhhhhhppphhhhkkkkkheeeee
::::::wwwwwwgggppppppppppppppkhpgppggpppphkkhhwwwwwwwwwww:::wwwwwwphpphkkhpwwwwwwwphhtkkhkhhpppkkhgghkkkkhpppwwww:::::::wwwwppppppppppwwwwppphkkhhhhhhhkkkhhhhhhhhhhhkkkhheeeeeee
::::::wwwwwggggpppppppppppppphkhpggggggpppppppwww::::::::::wwpwwwwppppphkhpwwwwwwwwpphtkkhphhpphkkkkkhpppppppppwww::::wwwwppphkkhpppppppppphkkkkhhhkkhpphkkkkkkkkkkkkkhheeeeeeeee
::::::wwwwgggggppppppppppppphhkkhpggggggggppwwww::::::::::wphpwwwwwppppphkpwwwwwwwwwhphppphhkhphpkkhhppppppppgpwwwwwwwwwpppphkkpppppkhhhhhhkkkhhhkkhhhhhhhhwwkkkhheheeeeeeeeeeeee
:::::wwwwwgggpppppppppppppphkkhhhhpggggwwwwwww::::::::::::wphhwwwwwwwppphkppwwwwwwwwwwppphhphppphphpppggggggppppppwpppppphkkhpppppphkkkkkkkkkhphhwwhhhhkkkwwwkkkkhhheeeeeeeeeeeee
:::::wwwwgggppppppphhhphppkkpppphpppggwwww::::::::::::::::wphpwwwwwwwpppphhpppwwwwwwwwwwwphhkhpppppkkpggggggpppppwwwpppphkkppppppphkkkkhhhhhhphhhwwwkkkhhhwkhhhkkkkheeeeeeeeeeeee
::::::wwwwwwppppppppphhhhkhpppphppppwwwww:::::www:::::::::wwpwwwwwwwwwpppphhhpppwwwwwwwwwphkkkhppggpkkkhpgggppwwwwppppphkkppppppphkkkhhhhhhhhhkhhwkkhhhhhhhhhhhhhkkkhheeeeeeeeeee
::::::wwwwwppppppppppppppppppppphppwww:::::wwwwppw:::::::::wwwwwwwwwwwgggpphhhppppwwwwwwpppkkhhhggggphppppwpwwwwwppppphkhpppppphkkhhphhhhhhhhkhhhkkhhhhhhhhhhhhhhhkkkkhheeeeeeeee
::::::wwwwpppppppppppppppppppppppppww:::wwwwppwwww::::::::wwwpwwww::wwwwwpppphhhhpppwwwwpphkkkhhggggppwwwwwwwppppppphkkhpppppehkhpppphhkkhhkkhhhhhhhhhphhhpppphhhhhhkkkkheeeeeeee
:::::::wwwppppppgggpppppppppphhppppwww::wwwwhhpw:::::::::wwppppwww::::wwwwwppphhppppppwwwpphkkkhgggppwwwwwwwppppppppppppppppppppppppphphkkkhhhhhhhhhppppppppppppphhhhkkkkhheeeeee
::::::wwwwppppggggggpppppppppphhphppwwwwwwpwppww::::::::wwwwphpww::::::::wwwppphppwwpppwwwphhkhpggwppwwwwwpwppphhppphhhpeppppppppppppeephhhhhppppppppppppppppppppppphhhkkkkkhhhhe
:::::::wwwwwwwwgggggpppphpphphhhpppwwwwwwwwwwww:::::::::wwwpphhww:::::::::wwwwpphpwwwppwwpphhkhhkpwwwwwwwwwwwwppphhpphkhppppppppppehhhhhhhhhpppppppppppppppppppppppppphhhhkkkkkkh
::::::::::wwwwwwgggpphkkkkkkhkhppwwwww:::::::::::::::::::wwpphpww::::::::::wwwwphpww:wwwwwpphkkhppppwwwwwwwppwwpppppppphhhpepppeehhkkkhhpphhpppppppppppppppppppppppppppphhhhkkkkk
:::::::::::wwwwwggphhppphkkkkhhppww:::::::::::::::::::::wwwphppww:::::::::::wwwwphpw:::wwwwpphhkhpppwppwwwwwwwwpppphphppphppepephhkkkhppppphpppppppppppppppppppppppppppppppphkkkk
::::::::::::wwwwwgpppwwppphhppwwww:::::::::::::::::::::::wwwpwwww::::::::::::wwwphpww::::wwwpphhkhhppwwpwwwpwpppppppphkhppeppepphkhkhppppppppppppppppppppppppppppppppppppppppkkkk
:::::::::::::wwwwppwwwwwwppppww:::::::::::::::::::::::::::wwwww::::::::::::::wwphpww:::::wpwwpppppphppwwpwwwwwwwphhpphkkhpppppphkkkhpppppppppppppppppppppppppppppppppppppppppwwww
:::::::::::::wwwwwwwwwwwwwwwww:::::::::::::::::::::::::::::::::::::wwwwwwwwwwwwppww::::::wpwwwwwwwwphppwwwwwpwppppphhkwkkhpphhhkkhppppppppppppppppppppppppppppppppppppppppMMwwwww
:::::::::::::wwwwppwww::::::::::::::wwwwwwwww::::::::::::::::wwwwwwwwwppppwpppwhpw:::::::wwwpwppppwwpppwwwwwwwwwppphhkkkhpppphkhpppppwpppphppppppppppppeeeeeeeepppppppppppMMMwwww
::::::::::::wwwwphhpwwwwwwwwwwwwwwwwwppwwppwwwwwww::::::::::wwwwwwwwwwphhppphpwwww:::::::::wwwphhhhppwwwwwwpwwwphhpphhkhpppppphppwwwwwpppphhpppeeeeeeeeeeeeeeeeeeeeeppppppppwwwww
::::::::::wwwwppphhhpwwwwwwwwwwwpppppppppppppppwpwwwwwwww::wwpppwwwwwwwppphhhkww:::::::::::::wwphhhhwwwwpwwwwwwwpppppphppwwwwppppwwwwwwpphppppeeeeeeeeeeeeeeeeeeeeeeeeepppppwwwww
:::::::::wwwwpppphhhpppppwwwwwppphhhpphhhhhpppppppppppppwwwwppppwpwwwwwwwpppppw:::::::::::::::wppphpwwwwwwwwpwwwwwpwpppppw:wwwwwwwwwwwppphpppeeeeeeeeeeeeeeeeeeeeeeeeeeeeeeeeewww
:::::::wwwwwpppppphkhhhhppwwppphhhkkhhkkkkkhhhhhppphppppppppppppppwwwwwwwwwwppw:::::::::::::::wwpwppwwwwwwwwwwwwpwwwwwwwww:::::wwppwwwppphpheeeeeeeeeeeeeeeeeeeeeeeeeeeeeeeeeeeww
:::::::wwpppppppphkhhhhhppppphhhkkkhhhhhhhhkkkkkkkhhhhhhhhhhphhpppwwwwwwwwwwwww:::::::::::::::wwwwppwwwwwwwwwwwppw::::::::::wwwwppww:wpphhhpeeeeeeeeeeeeeeeeeeeeeeeeeeeeeeeeeeeew
:::::wwwwppphhhhhkeeeekkhhhpphkkheeheeeeeeeeeeehhhkkkkhhkkhhhhhppwwwwwwwwww:::::::::::::::::::::wwwwwwwwwwwwwwwwww:::::::::wwphhpww::wpphhppeeeeeeeeeeeeeeeeeeeeeeeeeeeeeeeeeeeew
:::wwwwpppphhkkkkeeekkhhhhppphkeeeeeeehhheeeeeeeeeehhhkkhheeeeehppwwwwwwww::::::::::::::::::::::::::wwpppppppww::::::::::::wpppppw:::wwphpheeeeeeeeeeeeeeeeeeeeeeeeeeeeeeeeeeeeee
:wwwppppphhkkkkeeeeeeeehhhhhhehhheeeehheeeeeeeeeeeeehheeeeeeeeehppwwwwwww::::::::::::::::::::::::::::wwppppwww:::::::::::::wppppww:::wpphpheeeeeeeeeeeeeeeeeeeeeeeeeeeeeeeeeeeeee
wwppppphhkkkkeeeeeeeeeeehhhheeeeeeeeeeeeeeeeeeeeeeeeeeehhheeehepppwwwww:::::::::::::::::::::::::::::::wwwwww:::::::::::::::wwwwww::::wpphpeeeeeeeeeeeeeeeeeeeeeeeeeeeeeeeeeeeeeee
wppppphhheeeeeeeeeeeeeeeeeeeeeeeeeeeeeeeeeeeeeeeeeeeeehheeeeeeepppwwww::::::::::::::::::::::::::::::::::::::::::::::::::::::::::::::wwpphpeeeeeeeeeeeeeeeeeeeeeeeeeeeeeeeeeeeeeee
ppeeeeeeeeeeeeeeeeeeeeeeeeeeeeeeeeeeeeeeeeeeeeeeeeeeeeeeeeeeeeeepwwwww::::::::::::::::::::::::::::::::::::::::::::::::::::::::::::::wpppheeeeeeeeeeeeeeeeeeeeeeeeeeeeeeeeeeeeeeee
eeeeeeeeeeeeeeeeeeeeeeeeeeeeeeeeeeeeeeeeeeeeeeeeeeeeeeeeeeeeeeeepwwww:::::::::::::::::::::::::::::::::::::::::::::::::::::::::::::::wphheeeeeeeeeeeeeeeeeeeeeeeeeeeeeeeeeeeeeeeee