bbbbbccbbbbbbbbbbbbbbbbbbbbbbbbbbb
bbbbbccbbbbbbbbbbbbbbbbbbbbbbbbbbb
bbbbbccbbbbbbbcbbbbbbbbbbbbbbbbbbb
bbbbbccbbbbbbcccbbbbbbbbbbbbbbbbbb
bbccccccbbccccccbbbbbbbbbbbbbbbbbb
bbcccbbccbcbbbbbbbbbbbbbbbbbbbbbbb
bbccbbbbcccbbbbbbbbbbbbbbbbbbbbbbb
rrrbbbbbbccbbbbbbbbbbbcbbbbbbbbbbb
rrrrbbbbbbcccbbbbbcccccccccbbbbbbb
sssssbbbbbbccccccccccccccccccbbbbb
sssssrbbcccbcbbccccccccccccccccccc
ssssssbbcccccbcccccccccccccccccccc
SSSsssrbbcbbcccccccccccccccccccccc
sssSsssrrbcccccccbbccccccccccccccc
ssSSsssSSSrccccbcccbccccbccccccccc
SssSSsSSrrrrrccbcccbcccbbbbbbcbcbb
SSsSsSrSrrrrrrSbbcbbbccccbbbbbbbbb
SsssSSrrrrssrSSbbbbbbbbccbbbbbbbbb
rsrSsrrrrrrrsrSssbbbbbbbccbbbbcbbb
rrSsssrrrrssssSSssbbbbbbbccbbcccbb
SSSSrrrrrsssrsSsSSsbbbbbbccbccccbb
rrrrrrrrSSSssrrSSsssbbbbbcbbbbbbbb
rrrrrrrrrrSrssSssSSssbbbbccbbbbbbb
rrrrsrrrrrSrSsssSSrrrbcccccbcbbbbb
rrrrssSrrrSSssSsSrrrrccccbbccccbbb
rrrrssSrSSssssSSsssssbbcbbbbbbbcbb
sssssSsrrssssSSSSssssrsbbbbbbbcccc
ssssssssrsrssSSsSrsssssbbbbbbbbccc
rssrsssssrsSSSSSsrsssssbbbbbbbbbbb
sssrrrrsrrsSSSssssrsssrbbbbbbbbbbb