ggggggGghGGGGGhhgggggggGggggghgGgg
ggggGGghGGgggGgggggggggggggGghhggg
gggGgggggGGggGgggggggggGggggghgggg
ggGGggGGgggGgGggggggggggggGGGGGggg
ggGGhghhhgggggggggggggggGGgGGGGhgg
gggggghhgggggggggggggggGGgGGGgGhgg
gggGggggggggggggggggggGggGgGgGGGGG
hhhgggggggggggggggggggggggGggGGgGG
hhhggggggggggggggggggggggGgggGgGgg
hhggggggggggggggggggggggggggggGggg
ggggggggGggggggggggggggggggggggggg
gggggggGGggggGGggggggggggggggggggg
gggggggggggggGgggggGGggggggggggggg
gggggggggggggggggggGgggggggggggggg
ggggggggggggggggBgBgggGgggghGggggg
ggggggggggggggBBBgBBBggggggGgggggg
ggggggggggggBBBBBoBBBBBgGggggggggg
ggggggggggBBBBBBGGGBBBBBBggggggggg
gggggBgggggBBBGGGGGGGBBBgggGgggggg
gggggggggBBoGGGGGGGGGGGoBBgggggggg
gggggggggBBBGGGGGGGGGGGBBBgggggggg
gggggggggBBBGGGGGGGGGGGBBBgggGgggg
gggggGGggBBBGGGGGGGGGGGBBBgggGgggg
gggggGGggBBBGGGGGGGGGGGBBBGggggggg
gggggggggBBBGGGGGGGGGGGBBBgggggggg
gggggggggBgoBGGGGGGGGGBogBgggggggg
gggggBggggBBBBBGGGGGBBBBBggggggggg
ggggggggGggBBBBBBgBBBBBBgggggggggg
gggggggggggggBBBBoBBBBGGgggggggggg
ggggggggGgggggGBBgBBgggggggggggggg
gggggggggGgggggGgggggggggggggggggg
gggggggggggggggggggggggggggggggggg
gggggggggggggggggggggggGgggggggghh
hhhggggggggggggggggggggggggggggggg
hhhGggGggggggggggggggggggggggggggg
GGggGggghhhgggggggggggggggGgghhhhh
gggggGggGhggggggggggggGgGgggghhhgg
gggggGggGhggggggggggGGGGGGGgghhhgg