~~~~vvvvvvvvvvvvvvvvvvvvvvvvvvvvvvvvvvvvvvvvvvvvvvvvvv~~~~
~yy~vvvvvvvvvvvvvvvvvvvvvvvvvvvvvvvvvvvvvvvvvvvvvvvvvv~yy~
~yy~vvvvvvvvvvvvvvvvvvvvvvvvvvvvvvvvvvvvvvvvvvvvvvvvvv~yy~
~yy~vvvvvvvvvvvvvvvvvvvvvvvvvvvvvvvvvvvvvvvvvvvvvvvvvv~yy~
~yy~vvvvvvvvvvvvvvvvvvvvvvvvvvvvvvvvvvvvvvvvvvvvvvvvvv~yy~
~yy~vvvvvvvvvvvvvvvvvvvvvvvvvvvvvvvvvvvvvvvvvvvvvvvvvv~yy~
~yy~vvvvvvvvvvvvvvvvvvvvvvvvvvvvvvvvvvvvvvvvvvvvvvvvvv~yy~
~yy~vvvvvvvvvvvvvvvvvvvvvvvvvvvvvvvvvvvvvvvvvvvvvvvvvv~yy~
~yy~~~~~~~vvvvvvvvvvvvvvvvvvvvvvvvvvvvvvvvvvvvvv~~~~~~~yy~
~yy~00~00~vvvvvvvvvvvvvvvvvvvvvvvvvvvvvvvvvvvv00~00~00~yy~
~yy~00000~0000vvvvvvv00000vvvvvvv00vvvvvv0000000~00000~yy~
~yy~~00000000000vvvv00000000vvvv00000vvv0000000000000~~yy~
~yy~00000~000000000000vvv00000000000000000000000~00000~yy~
~yy~00~00~0000000000000vvv0000000vv0000000000000~00~00~yy~
~yy~~~~~~~yy0000vv00000vv00000000vvvv000000vv00y~~~~~~~yy~
~yyyyyyyyyyyy00vvvv000000000000000vv000000vvyyyyy~y~y~yyy~
~yyyyyyyyyyyyyyyyyvv000000000000000000000yyyyyyy~y~y~yyyy~
~yyyyyyyyyyyyyyyyyyyyyyyy00000000000yyyyyyyyyyyyy~y~y~yyy~
~yyyyyyyyyyyyyyyyyyyyyyyyyyyyy0yyyyyyyyyyyyyyyyy~y~y~yyyy~
~yyyyyyyyyyyyyyyyyyyyyyyyyyyy0yyyyyyyyyyyyyyyyyyy~y~y~yyy~
~yyyyyyyyyyyyyyyyyyyyyyyyyy0000000yyyyyyyyyyyyyy~y~y~yyyy~
~yy~~~~~~~yyyyyyyyyyyyyyyy00000000000yyyyyyyyyyy~~~~~~~yy~
~yy~00~00~yyyyyy000000000000000000000000yyyyyyyy~00~00~yy~
~yy~00000~00000000000000000000000000000000000000~00000~yy~
~yy~~000000000000000000000000000000000000000000000000~~yy~
~yy~00000~00000000000vv0000000000000000000000000~00000~yy~
~yy~00~00~v00000000vvvvv0000000vv000000000000000~00~00~yy~
~yy~~~~~~~vvvv000vvvvvv000vv00vvvvv000000vvv00vv~~~~~~~yy~
~yy~vvvvvvvvvvvvvvvvv000vvvvv00vvvvvv000vvvvvvvvvvvvvv~yy~
~yy~vvvvvvvvvvvvvvvvvvvvvvvvvv000vvvvvvvvvvvvvvvvvvvvv~yy~
~yy~vvvvvvvvvvvvvvvvvvvvvvvvvvvvvvvvvvvvvvvvvvvvvvvvvv~yy~
~yy~vvvvvvvvvvvvvvvvvvvvvvvvvvvvvvvvvvvvvvvvvvvvvvvvvv~yy~
~yy~vvvvvvvvvvvvvvvvvvvvvvvvvvvvvvvvvvvvvvvvvvvvvvvvvv~yy~
~yy~vvvvvvvvvvvvvvvvvvvvvvvvvvvvvvvvvvvvvvvvvvvvvvvvvv~yy~
~yy~vvvvvvvvvvvvvvvvvvvvvvvvvvvvvvvvvvvvvvvvvvvvvvvvvv~yy~
~~~~vvvvvvvvvvvvvvvvvvvvvvvvvvvvvvvvvvvvvvvvvvvvvvvvvv~~~~