ccccbbbbbbbbbbbbbbbbbbbbbbbbbbbbbbbbbbbbbbbbbbbbbbbbbbcccc
cOOcbbbbbbbbbbbbbbbbbbbbbbbbbbbbbbbbbbbbbbbbbbbbbbbbbbcOOc
cOOcbbbbbbbbbbbbbbbbbbbbbbbbbbbbbbbbbbbbbbbbbbbbbbbbbbcOOc
cOOcbbbbbbbbbbbbbbbbbbbbbbbbbbbbbbbbbbbbbbbbbbbbbbbbbbcOOc
cOOcbbbbbbbbbbbbbbbbbbbbbbbbbbbbbbbbbbbbbbbbbbbbbbbbbbcOOc
cOOcbbbbbbbbbbbbbbbbbbbbbbbbbbbbbbbbbbbbbbbbbbbbbbbbbbcOOc
cOOcbbbbbbbbbbbbbbbbbbbbbbbbbbbbbbbbbbbbbbbbbbbbbbbbbbcOOc
cOOcbbbbbbbbbbbbbbbbbbbbbbbbbbbbbbbbbbbbbbbbbbbbbbbbbbcOOc
cOOcccccccbbbbbbbbbbbbbbbbbbbbbbbbbbbbbbbbbbbbbbcccccccOOc
cOOcccccccbbbbbbbbbbbbbbbbbbbbbbbbbbbbbbbbbbbbcccccccccOOc
cOOcccccccccccbbbbbbbcccccbbbbbbbccbbbbbbccccccccccccccOOc
cOOcccccccccccccbbbbccccccccbbbbcccccbbbcccccccccccccccOOc
cOOcccccccccccccccccccbbbccccccccccccccccccccccccccccccOOc
cOOcccccccOOOccccccccccbbbcccccccbbcccccccccccOOcccccccOOc
cOOcccccccOOOOccbbcccccbbccccccccbbbbccccccbbOOOcccccccOOc
cOOOOOOOOOOOOOObbbbcccccccccccccccbbccccOObbOOOOOcOcOcOOOc
cOOOOOOOOOOOOOOOOObbOOOOOOcccccccccOOOOOOOOOOOOOcOcOcOOOOc
cOOOOOOOOOOOOOOOOOOOOOOOOOOOOOOOOOOOOOOOOOOOOOOOOcOcOcOOOc
cOOOOOOOOOOOOOOOOOOOOOOOOOOOOOOOOOOOOOOOOOOOOOOOcOcOcOOOOc
cOOOOOOOOOOOOOOOOOOOOOOOOOOOOOOOOOOOOOOOOOOOOOOOOcOcOcOOOc
cOOOOOOOOOOOOOOOOOOOOOOOOOOOOOOOOOOOOOOOOOOOOOOOcOcOcOOOOc
cOOcccccccOOOOOOOOOOOOOOOOOOcccccOOOOOOOOOOOOOOOcccccccOOc
cOOcccccccOOOOOOOOOOOOOOOOOccccccccOOOOOOOOOOOOOcccccccOOc
cOOcccccccOOOOOOOccccccccccccccccccccccOOOOOOOOOcccccccOOc
cOOccccccccccccccccccccccccccccccccccccccccccccccccccccOOc
cOOccccccccccccccccccbbccccccccccccccccccccccccccccccccOOc
cOOcccccccbccccccccbbbbbcccccccbbccccccccccccccccccccccOOc
cOOcccccccbbbbcccbbbbbbcccbbccbbbbbccccccbbbccbbcccccccOOc
cOOcbbbbbbbbbbbbbbbbbcccbbbbbccbbbbbbcccbbbbbbbbbbbbbbcOOc
cOOcbbbbbbbbbbbbbbbbbbbbbbbbbbcccbbbbbbbbbbbbbbbbbbbbbcOOc
cOOcbbbbbbbbbbbbbbbbbbbbbbbbbbbbbbbbbbbbbbbbbbbbbbbbbbcOOc
cOOcbbbbbbbbbbbbbbbbbbbbbbbbbbbbbbbbbbbbbbbbbbbbbbbbbbcOOc
cOOcbbbbbbbbbbbbbbbbbbbbbbbbbbbbbbbbbbbbbbbbbbbbbbbbbbcOOc
cOOcbbbbbbbbbbbbbbbbbbbbbbbbbbbbbbbbbbbbbbbbbbbbbbbbbbcOOc
cOOcbbbbbbbbbbbbbbbbbbbbbbbbbbbbbbbbbbbbbbbbbbbbbbbbbbcOOc
ccccbbbbbbbbbbbbbbbbbbbbbbbbbbbbbbbbbbbbbbbbbbbbbbbbbbcccc