ccccbbbbbbbbbbbbbbbbbbbbbbbbbbbbbbbbbbbbbbbbbbbbbbbbbbcccc
coocbbbbbbbbbbbbbbbbbbbbbbbbbbbbbbbbbbbbbbbbbbbbbbbbbbcooc
coocbbbbbbbbbbbbbbbbbbbbbbbbbbbbbbbbbbbbbbbbbbbbbbbbbbcooc
coocbbbbbbbbbbbbbbbbbbbbbbbbbbbbbbbbbbbbbbbbbbbbbbbbbbcooc
coocbbbbbbbbbbbbbbbbbbbbbbbbbbbbbbbbbbbbbbbbbbbbbbbbbbcooc
coocbbbbbbbbbbbbbbbbbbbbbbbbbbbbbbbbbbbbbbbbbbbbbbbbbbcooc
coocbbbbbbbbbbbbbbbbbbbbbbbbbbbbbbbbbbbbbbbbbbbbbbbbbbcooc
coocbbbbbbbbbbbbbbbbbbbbbbbbbbbbbbbbbbbbbbbbbbbbbbbbbbcooc
coocccccccbbbbbbbbbbbbbbbbbbbbbbbbbbbbbbbbbbbbbbcccccccooc
coocccccccbbbbbbbbbbbbbbbbbbbbbbbbbbbbbbbbbbbbcccccccccooc
coocccccccccccbbbbbbbcccccbbbbbbbccbbbbbbccccccccccccccooc
coocccccccccccccbbbbccccccccbbbbcccccbbbcccccccccccccccooc
coocccccccccccccccccccbbbccccccccccccccccccccccccccccccooc
coocccccccoooccccccccccbbbcccccccbbcccccccccccoocccccccooc
coocccccccooooccbbcccccbbccccccccbbbbccccccbbooocccccccooc
coooooooooooooobbbbcccccccccccccccbbccccoobbooooocococoooc
cooooooooooooooooobboooooocccccccccooooooooooooocococooooc
coooooooooooooooooooooooooooooooooooooooooooooooocococoooc
cooooooooooooooooooooooooooooooooooooooooooooooocococooooc
coooooooooooooooooooooooooooooooooooooooooooooooocococoooc
cooooooooooooooooooooooooooooooooooooooooooooooocococooooc
coocccccccoooooooooooooooooocccccooooooooooooooocccccccooc
coocccccccoooooooooooooooooccccccccooooooooooooocccccccooc
coocccccccoooooooccccccccccccccccccccccooooooooocccccccooc
cooccccccccccccccccccccccccccccccccccccccccccccccccccccooc
cooccccccccccccccccccbbccccccccccccccccccccccccccccccccooc
coocccccccbccccccccbbbbbcccccccbbccccccccccccccccccccccooc
coocccccccbbbbcccbbbbbbcccbbccbbbbbccccccbbbccbbcccccccooc
coocbbbbbbbbbbbbbbbbbcccbbbbbccbbbbbbcccbbbbbbbbbbbbbbcooc
coocbbbbbbbbbbbbbbbbbbbbbbbbbbcccbbbbbbbbbbbbbbbbbbbbbcooc
coocbbbbbbbbbbbbbbbbbbbbbbbbbbbbbbbbbbbbbbbbbbbbbbbbbbcooc
coocbbbbbbbbbbbbbbbbbbbbbbbbbbbbbbbbbbbbbbbbbbbbbbbbbbcooc
coocbbbbbbbbbbbbbbbbbbbbbbbbbbbbbbbbbbbbbbbbbbbbbbbbbbcooc
coocbbbbbbbbbbbbbbbbbbbbbbbbbbbbbbbbbbbbbbbbbbbbbbbbbbcooc
coocbbbbbbbbbbbbbbbbbbbbbbbbbbbbbbbbbbbbbbbbbbbbbbbbbbcooc
ccccbbbbbbbbbbbbbbbbbbbbbbbbbbbbbbbbbbbbbbbbbbbbbbbbbbcccc