rrrrrrrrrrrrrrrrrrrrrrrrrrrrrrrrrrrrrrrrrrrrrr
rrrrrrrrmrrrrrrrrrrrrrrrrrrrrrrrrrrrrrrrrrrrrr
rmrrrrrrmrmmmmrrrrrrrrrrrrrrrrrrrrrrrrrrrrrrmr
rmmmmrmmmrrmrmrrmrrmrrrrrrrrrrrrrrrrrrrrrrrmmm
rmmmmmmmmmmrmrmmmmmmmmmrrrrrrrrrrrrrmrmmmmmmmm
mmmmmmmmmmmmmmmmmmmmmmmmrrmrrrrmmrmmmmmmmmmmmm
mmmmmmmmmmmmmmmmmmmmmmmmmmmmrrrmrrmmmmmmmmmmmr
mmmmmmmmmmmmmmmmmmmmmmmmmmmmrrmrmmmmmmmmmmmmmm
mmmmmmmmmmmmmmmmmmmmmmmmmmmmrrmmmmmmmmmmmmrmmr
rrmmmmmmmmmmmmmmmmmmmmmmmmmmmmmmmmmmmmrrrmrmrr
rrrrrrrmmmmmmmmmrmmmmrrrrmmmmmmmmmmmrrrrrrrrrr
rrrrrrrrrrrrrrrrrrmmmrrrrrrmrmmrrrrrrrrrrrrrrr
rrrrrrrrrrrrrrrrrrmmrrrrrrrrrrrrrrrrrrrrrrrrrr
rrrrrrrrrrrrrrrrrrmmrrrrrrrrrrrrrrrrrrrrrrrrrr
rrrrrrrrrrrrrrrrrmmmrrrrrrrrrrrrrrrrrrrrrrrrrr
rrrrrrrrrrrrrrrrrmmrrrrrrrrrrrrrrrrrrrrrrrrrrr
rrrrrrrrrrrrrrrrrmmrrrrrrrrrrrrrrrrrrrrrrrrrrr
rrrrrrrrrrrrrrrrrmmrrrrrrrrrrrrrrrrrrrrrrrrrrr
rrrrrrrrrrrrrrrrrmmrrrrrrrrrrrrrrrrrrrrrrrrrrr
rrrrrrrrrrrrrrrrrmmrrrrrrrrrrrrrrrrrrrrrrrrrrr
rrrrrrrrrrrrrrrrrmmrrrrrrrrrrrrrrrrrrrrrrrrrrr
rrrrrrrrrrrrrrrrrmmrrrrrrrrrrrrrrrrrrrrrrrrrrr
rrrrrrrrrrrrrrrmmmmrrrrrrrrrrrrrrrrrrrrrrrrrrr
rrrrrrrrrrrrrrrmmmmrrrrrrrrrrrrrrrrrrrrrrrrrrr
rrrrrrrrrrrrrrrmmmmrrrrrrrrrrrrrrrrrrrrrrrrrrr
rrrrrrrrrrrrrrrmmmmrrrrrrrrrrrrrrrrrrrrrrrrrrr
rrrrrrrrrrrrrrmmmmrmmrrrrrrrrrrrrrrrrrrrrrrrrr
rrrrrrrrrrrrrrmmmmrrrmmrrrrrrrmrrrrrrrrrrrrrrr
rrrrrrrrrrrrrrmmmrrrrrrmmmmrmmmmmrrrrrrrrrrrrr
rrrrrrrrrrrrrrmmmmrrrrrrrrrmmmmmmmrrrrrrrrrrrr
rrrrrrrrrrrrrrrmmmrrrrrrrrrrrmmmmmrrrrmmmrrrrr
rrrrrrrrrrrrrrrmmmrrrrrrrrrrrrrrrmmrmmrmrmmrrr
rrrrrrrrrrrrrrrmmmrrrrrrrrrrrrrrrrrmrrrrrrrmmm
rrrrrrrrrrrrrrrmmmmrrrrrrrrrrrrrrrrrrrrrrrrrrr
rrrrrrrrrrrrrrrmmmrrrrrrrrrrrrrrrrrrrrrrrrrrrr