kkkkkkkkkkkkkkkkkkkkkkkkkkkkkkkkkk
kkkkkkkkkkkkkkkkkkkkkkkkkkkkkkkkkk
kkkkkkkkkkkkkkkkkkkkkkkkkkkkkkkkkk
kkkkkkkkkkkkkkkkkkkkkkkkkkkkkkkkkk
kkkkkkkkkkkkkkkkkkkkkkkkkkkkkkkkkk
kkkkkkkkkkkkkkkkkkkkkkkkkkkkkkkkkk
kkkkkkkkkkkkkkkkkkkkkkkkkkkkkkkkkk
kkkkkkkkkkkkkkkkkkkkkkkkkkkkkkkkkk
kkkkkkkkkkkkkkkkkkkkkkkkkkkkkkkkkk
kkkkkkkkkkkkkkkkkkkkkkkkkkkkkkkkkk
kkkkkkkkkkkkkkkkkkkkkkkkkkkkkkkkkk
kk0kkkkkkkkkkkkkkkkkkkkkkkkkkkkkkk
000kkkkkkkkkkkkkkkkkkkkkkkkkkkkkkk
kkklkkkkkkkkkkkkkkkkkkkkkkkkkkkkkk
kkllk0k0000kkkkkkkkkkkkkkkkkkkkkkk
00000k0000000kkkkkkkkkkkkkkkkkkkkk
0000000l0000000kkkkkkkkkkkkkkkkkkk
000000000000000kkkkkkkkkkkkkkkkkkk
000000000000l00kkkkkkkkkkkkkkkkkkk
00000l00000ll0000kkkkkkkkkkkkkkkkk
00000000000l000k00kkkkkkkkkkkkkkkk
000000000000l0000kkkkkkkkkkkkkkkkk
000000000k00ll00000kkkkkkkkkkkkkkk
000000000k000l0000kkkkkkkkkkkkkkkk
00000000kk00kl000kkkkkkkkkkkkkkkkk
0000l00k000kkkl0kkkkkkkkkkkkkkkkkk
000lll0000000ll00kkkkkkkkkkkkkkkkk
0000000l00000l000kkkkkkkkkkkkkkkkk
00000000000000000kkkkkkkkkkkkkkkkk
00000000000000000kkkkkkkkkkkkkkkkk