vvvbbccvvvvvvvvvvvvvvvvvvvvvvvvvvv
vvvbbccvvvvvvvvvvvvvvvvvvvvvvvvvvv
vvvbbccvvvvvvvcvvvvvvvvvvvvvvvvvvv
vvvvvccbbvvvvcccvvvvvvvvvvvvvvvvvv
vvccccccbbccccccvvvvvvvvvvvvvvvvvv
vvcccvvccbcvvvvvvvvvvvvvvvvvvvvvvv
vvccvvvbcccvvvvvvvvvvvvvvvvvvvvvvv
vvvvvvvvvccvvvvvvvvvvvcvvvvvvvvvvv
vvvvvvvvvbcccvvvvvcccccccccvvvvvvv
vvvvvvvvvvvccccccccccccccccccvvvvv
vvvvvvvvcccvcbbccccccccccccccccccc
vvvvvvvvcccccbcccccccccccccccccccc
vvvvvvvvvcvvcccccccccccccccccccccc
vvvvvvvvvvcccccccvvccccccccccccccc
vvvvvvvvvvvccccvcccvccccvccccccccc
vvvvvvvvvvvvvccvcccvcccvvvvvvcvcvv
vvvvvvvvvvvvvvvvvcvvvccccvvvvvvvvv
vvvvvvvvvvvvvvvvvvvvvvvccvvvvvvvvv
vvvvvvvvvvvvvvvvvvvvvvvbccvvvvcvvv
vvvvvvvvvvvvvvvvvvvvvvvbbccvvcccvv
vvvvvvvvvvvvvvvvvvvvvvvvvccvccccvv
vvvvvvvvvvvvvvvvvvvvvvvvvcbbvvvvvv
vvvvvvvvvvvvvvvvvvvvvvvvvccbvvvvvv
vvvvvvvvvvvvvvvvvvvvvvcccccbcvvvvv
vvvvvvvvvvvvvvvvvvvvvccccvvccccvvv
vvvvvvvvvvvvvvvvvvvvvvvcvvvvvbbcvv
vvvvvvvvvvvvvvvvvvvvvvvvvvvvvvcccc
vvvvvvvvvvvvvvvvvvvvvvvvvvvvvvvccc
vvvvvvvvvvvvvvvvvvvvvvvvvvvvvvvbbb
vvvvvvvvvvvvvvvvvvvvvvvvvvvvvvvbbb