rrrrrrrrrrrrrrrrrrrrrrrrrrrrrmmmmm
rrrrrrrrrrrrrrrrrrrrrrrrrrrrrmmmmm
rrrrrrrrrrrrrrrrrrrrrrrrrrrrrrrmmm
rrrrrrrrrrrrrrrrrrrrrrrrrrrrrrrmmm
rrrrrrrrrrrrrrrrrrrrrrrrrrrrrrrmmm
rrrrrrrrrrrrrrrrrrrrrrrrrrrrrrmmrr
rrrrrrrrrrrrrrrrrrrrrrrrrrrrmmrrrr
rrrrrrrrrrrrrrrrrrrrrrrrmrmmrrrrrr
rrrrrrrrrrrrrrrrrrrrrrmmrmmmmrrrrr
rrrrrrrrrrrrrrrrrrrrmmrrrrrmrrrrrr
rrrrrrrrrrrrrrrrrrmmrrrrrrrrrrrrrr
rrrrrrrrrrrrrrrrmmrrrrrrrrrrrrrrrr
rrrrrrrrrrrrrrrmmrrrrrrrrrrrrrrrrr
rrrrrrrrrrrrrrmmrrrrrrrrrrrrrrrrrr
rrrrmrmrrrrrmmmmrrrrrrrrrrrrrrrrrr
rrmmmmmmmmmmmmrrrrrrrrrrrrrrrrrrrr
mmmmrmrmmmmmmmrrrrrrrrrrrrrrrrrrrr
mmrrrrrrrmmmrrrrrrrrrrrrrrrrrrrrrr
rrrrrrrrrrmmrrrrrrrrrrrrrrrrrrrrrr
rrrrrrrrrrrrrrrrrrrrrrrrrrrrrrrrrr
rrrrrrrrrrrrrrrrrrrrrrrrrrrrrrrrrr
rrrrrrrrrrrrrrrrrrrrrrrrrrrrrrrrrr
rrrrrrrrrrrrrrrrrrrrrrrrrrrrrrrrrr
rrrrrrrrrrrrrrrrrrrrrrrrrrrrrrrrrr
rrrrrrrrrrrrrrrrrrrrrrrrrrrrrrrrrr
rrrrrrrrrrrrrrrrrrrrrrrrrrrrrrrrrr
rrrrrrrrrrrrrrrrrrrrrrrrrrrrrrrrrr
rrrrrrrrrrrrrrrrrrrrrrrrrrrrrrrrrr
rrrrrrrrrrrrrrrrrrrrrrrrrrrrrrrrrr
rrrrrrrrrrrrrrrrrrrrrrrrrrrrrrrrrr
rrrrrrrrrrrrrrrrrrrrrrrrrrrrrrrrrr
rrrrrrrrrrrrrrrrrrrrrrrrrrrrrrrrrr
rrrrrrrrrrrrrrrrrrrrrrrrrrrrrrrrrr