rrrrrrrrrrrrrrrrrrrrrrrrrrrmrrrrrrrrrrrrrrrrrrr 
rrrrrrrrrrrrrrrrrrrrrrrrrrrmrrrrrrrrrrrrrrrrrrr 
rrrrrrrrrrrrrrrrrrrrrrrrrrrmrrrrrrrrrrrrrrrrrrr    
rrrrrrrrrrrrrrrrrrrrrrrrrrrmmrrrrrrrrrrrrrrrrrr    
rrrrrrrrrrrrrrrrrrrrrrrrrrrrmrrrrrrrrrrrrrrrrrr 
rrrrrrrrrrrrrrrrrrrrrrrrrrrrrmrrrrrrrrrrrrrrrrr 
rrrrrrrrrrrrrrrrrrrrrrrrrrrrrmmrrrrrrrrrrrrrrrr 
rrrrrrrrrrrrrrrrrrrrrrrrrrrrrrmrrrrrrrrrrrrrrrr 
rrrrrrrrrrrrrrrrrrrrrrrrrrrrrmrrrrrrrrrrrrrrrrr 
rrrrrrrrrrrrrrrrrrrrrrrrrrrrrmrrrrrrrrrrrrrrrrr 
rrrrrrrrrrrrrrrrrrrrrrrrrrrrrmrrrrrrrrrrrrrrrrr 
rrrrrrrrrrrrrrrrrrrrrrrrrrrrrmmrrrrrrrrrrrrrrrr    
rrrrrrrrrrrrrrrrrrrrrrrrrrrrrrmmmrrrrrrrrrrrrrr
rrrrrrrrrrrrrrrrrrrrrrrrrrrrrrmmmrrrrrrrrrrrrrr
rrrrrrrrrrrrrrrrrrrrrrrrrrrrrrrmmrrrrrrrrrrrrrr
rrrrrrrrrrrrrrrrrrrrrrrrrrrrrrrrrmrrrrrrrrrrrrr
rrrrrrrrrrrrrrrrrrrrrrrrrrrrrrrrrmrrrrrrrrrrrrr
rrrrrrrrrrrrrrrrrrrrrrrrrrrrrrrrrmrrrrrrrrrrrrr
rrrrrrrrrrrrrrrrrrrrrrrrrrrrrrrrrmrrrrrrrrrrrrr    
rrrrrrrrrrrrrrrrrrrrrrrrrrrrrrrrrmrrrrrrrrrrrrr
rrrrrrrrrrrrrrrrrrrrrrrrrrrrrrrrrmmrrrrrrrrrrrr
rrrrrrrrrrrrrrrrrrrrrrrrrrrrrrrrrrmrrrrrrrrrrrr
rrrrrrrrrrrrrrrrrrrrrrrrrrrrrrrrrrmrrrrrrrrrrrr
rrrrrrrrrrrrrrrrrrrrrrrrrrrrrrrrrrrmrrrrrrrrrrr
rrrrrrrrrrrrrrrrrrrrrrrrrrrrrrrrrrrmrrrrrrrrrrr
rrrrrrrrrrrrrrrrrrrrrrrrrrrrrrrrrrrmrrrrrrrrrrr
rrrrrrrrrrrrrrrrrrrrrrrrrrrrrrrrrrrmrrrrrrrrrrr
rrrrrrrrrrrrrrrrrrrrrrrrrrrrrrrrrrrmrrrrrrrrrrr
rrrrrrrrrrrrrrrrrrrrrrrrrrrrrrrrrrmmrrrrrrrrrrr
rrrrrrrrrrrrrrrrrrrrrrrrrrrrrrrrrrmrrrrrrrrrrrr    
rrrrrrrrrrrrrrrrrrrrrrrrrrrrrrrrrrmrrrrrrrrrrrr 
rrrrrrrrrrrrrrrrrrrrrrrrrrrrrrrrrrmrrrrrrrrrrrr 
