rrrrrrrrrmrrrrrrrrrrrrrrrrrrrrrrrrrrrrrrrr
rrrrrrrrrmmrrrrrrrrrrrrrrrrrrrrrrrrrrrrrrr
rrrrrrrrrrrmmrmrrrrrrrrrrrrrrrrrrrrrrrrrrr
rrrrrrrrrrrrrmrmmrrrrrrrrrrrrrrrrrrrrrrrrr
rrrrrrrrrrrrrrrrrmmrrrrrrrrrrrrrrrrrrrrrrr
mrrrrrrrrrrrrrrrrrrmmrrrrrrrrrrrrrrrrrrrrr
rmmrrrrrrrrrrrrrrrrrmrrrrrrrrrrrrrrrrrrrrr
rrmrrrrrrrrrrrrrrrrrmrrrrrrrrrrrrrrrrrrrrr
rrrmmrrrrrrrrrrrrrrrrmmrrrrrrrrrrrrrrrrrrr
rrrrrmmmmrrrrrrrrrrrrrmrrrrrrrrrrrrrrrrrrr
rrrrrrrrrmmrrrrrrrrrrrrmrrrrrrrrrrrrrrrrrr
rrrrrrrrrrrmrrrrrrrrrrrmrrrrrrrrrrrrrrrrrr
rrrrrrrrrrrmmrmrrrmrrrmmrrrrrrrrrrrrrrrrrr
rrrrrrrrrrrrrmrmmmrmmrmrrrrrrrrrrrrrrrrrrr
rrrrrrrrrrrrrrrrrrrrrmrmmrrrrrrrrrrrrrrrrr
rrrrrrrrrrrrrrrrrrrrrrrrmrrrrrrrrrrrrrrrrr
rrrrrrrrrrrrrrrrrrrrrrrrmrmrrrrrrrrrrrrrrr
rrrrrrrrrrrrrrrrrrrrrrrrrmrmmmmrrrrrrrrrrr
rrrrrrrrrrrrrrrrrrrrrrrrrrrrrrrmrrrrrrrrrr
rrrrrrrrrrrrrrrrrrrrrrrrrrrrrrrmmrrrrrrrrr
rrrrrrrrrrrrrrrrrrrrrrrrrrrrrrmmmrrrrrrrrr
rrrrrrrrrrrrrrrrrrrrrrrrrrrrrrmmmrrrrrrrrr
rrrrrrrrrrrrrrrrrrrrrrrrrrrrrrrmmrrrrrrrrr
rrrrrrrrrrrrrrrrrrrrrrrrrrrrrrrrrmmrrrrrrr
rrrrrrrrrrrrrrrrrrrrrrrrrrrrrrrrrmmrrrrrrr
rrrrrrrrrrrrrrrrrrrrrrrrrrrrrrrrrmmmrrrrrr
rrrrrrrrrrrrrrrrrrrrrrrrrrrrrrrrmmmmrrrrrr
rrrrrrrrrrrrrrrrrrrrrrrrrrrrrrrrrmmrrrrrrr
rrrrrrrrrrrrrrrrrrrrrrrrrrrrrrrrrmmrrrrrrr
rrrrrrrrrrrrrrrrrrrrrrrrrrrrrrrrrrrmrrrrrr
rrrrrrrrrrrrrrrrrrrrrrrrrrrrrrrrrrrmmrrrrr
rrrrrrrrrrrrrrrrrrrrrrrrrrrrrrrrrrrrmrrrrr
