rrrrrrrrrrrrrrrrrrrrrrrrrrrrrrrrrrrrrrrrrr
rrrrrrrrrrrrrrrrrrrrrrrrrrrrrrrrrrrrrrrrrr
rrrrrrrrrrrrrrrrrrrrrrrrrrrrrrrrrrrrrrrrrr
rrrrrrrrrrrrrrrrrrrrrrrrrrrrrrrrrrrrrrrrrr
rrrrrrrrrrrrrrrrrrrrrrrrrrrrrrrrrrrrrrrrrr
rrrrrrrrrrrrrrrrrrrrrrrrrrrrrrrrrrrrrrrrrr
rrrrrrrrrrrrrrrrrrrrrrrrrrrrrrrrrrrrrrrrrr
rrrrrrrrrrrrrrrrrrrrrrrrrrrrrrrrrrrrrrrrrr
rrrrrrrrrrrrrrrrrrrrrrrrrrrrrrrrrrrrrrrrrr
rrrrrrrrrrrrrrrrrrrrrrrrrrrrrrrrrrrrrrrrrr
rrrrrrrrrrrrrrrrrrrrrrrrrrrrrrrrrrrrrrrrrr
rrrrrrrrrrrrrrrrrrrrrrrrrrrrrrrrrrrrrrrrrr
rrrrrrrrrrrrrrrrrrrrrrrrrrrrrrrrrrrrrrrrrr
rrrrrrrrrrrrrrrrrrrrrrrrrrrrrrrrrrrrrrrrrr
rrrrrrrrrrrrrrrrrrrrrrrrrrrrrrrrrrrrrrrrrr
rrrrrrrrrrrrrrrrrrrrrrrrrrrrrrrrrrrrrrrrrr
rrrrrrrrrrrrrrrrrrrrrrrrrrrrrrrrrrrrrrrrrr
rrrrrrrrrrrrrrrrrrrrrrrrrrrrrrrrrrrrrrrrrr
rrrrrrrrrrrrrrrrrrrrrrrrrrrrrrrrrrrrrrrrrr
rrrrrrrrrrrrrrrrrrmrmmmmrrrrrrrrrrrrrrrrrr
rrrrrrrrrrrrrrrrrrmmmmmmrrrrrrrrrrrrrrrrrr
rrrrrrrrrrrrrrrrrrrmmmmrrrrrrrrrrrrrrrrrrr
rrrrrrrrrrrrrrrrrrrrrmmrrrrrrrrrrrrrrrrrrr
rrrrrrrrrrrrrrrrrrrrrrmmrrrrrrrrrrrrrrrrrr
rrrrrrrrrrrrrrrrrrrrrrmmrrrrrrrrrrrrrrrrrr
rrrrrrrrrrrrrrrrrrrrrrmmrrrrrrrrrrrrrrrrrr
rrrrrrrrrrrrrrrrrrrrrrmmrrrrrrrrrrrrrrrrrr
rrrrrrrrrrrrrrrrrrrrmmmrrrrrrrrrrrrrrrrrrr
rrrrrrrrrrrrrrrrrrrrmmrrrrrrrrrrrrrrrrrrrr
rrrrrrrrrrrrrrrrrrrrmmmrrrrrrrrrrrrrrrrrrr
rrrrrrrrrrrrrrrrrrrrrmmrrrrrrrrrrrrrrrrrrr
rrrrrrrrrrrrrrrrrrrrmmmmmrrrrrrrrrrrrrrrrr
rrrrrrrrrrrrrrrrrrrrmmmmmrrrrrrrrrrrrrrrrr
rrrrrrrrrrrrrrrrrrrrrmmmrrrrrrrrrrrrrrrrrr
rrrrrrrrrrrrrrrrrrrrrrrmmrrrrrrrrrrrrrrrrr
rrrrrrrrrrrrrrrrrrrrrrmmmrrrrrrrrrrrrrrrrr
rrrrrrrrrrrrrrrrrrrrrmmmrrrrrrrrrrrrrrrrrr
rrrrrrrrrrrrrrrrrrrrrmmrrrrrrrrrrrrrrrrrrr
rrrrrrrrrrrrrrrrrrrrmmmmrrrrrrrrrrrrrrrrrr
rrrrrrrrrrrrrrrrrrrrmmmmrrrrrrrrrrrrrrrrrr